ACFAIL				= D83C, L: SPADDCOLSPR
ACLOOP				= D7BF, L: SPADDCOLSPR
ACNOCRY				= D7AE, L: SPADDCOLSPR
ACNOCRY3			= D80F, L: SPADDCOLSPR
ADJLOOP				= E0DA, L: SPMOVESPRABS
ADJUSTGRAPHICS			= E21D, L: SPMOVESPRABS
APBRANCH1			= 9417, L: MK3
APBRANCH2			= 945A, L: MK3
APBRANCH3			= 9446, L: MK3
APBRANCH4			= 943D, L: MK3
APGET4BITS			= 942F, L: MK3
APLOOP				= 941C, L: MK3
APLOOP0				= 9419, L: MK3
APSKIP2				= 9479, L: MK3
APSKIP3				= 9482, L: MK3
APWRITEBYTE			= 9439, L: MK3
AP_FINISHUP			= 9485, L: MK3
AP_FINISHUP2			= 9488, L: MK3
AP_GETBIT			= 949B, L: MK3
AP_GETGAMMA			= 94A7, L: MK3
AP_GETGAMMALOOP			= 94AA, L: MK3
AP_R0_GAMMA			= 948F, L: MK3
ATMAXCOUNT			= DAF4, L: SPGETKEY
BROKEN				= DFCF, L: SPINTRECT
CLEAR				= E520, L: SPUPDATENOW
COLOURSPRITE			= E516, L: SPUPDATENOW
COMPUTEDISP			= E1FA, L: SPMOVESPRABS
CONT				= DA5A, L: SPCREATESPR
CONT1				= DC3C, L: SPINITIALIZE
COPYBUFFER			= E52B, L: SPUPDATENOW
COUNT				= DAAE, L: SPGETKEY
CRCOLLOOP			= D92D, L: SPCLEARRECT
CRNOMORESPR			= D962, L: SPCLEARRECT
CRRMVSPRLP			= D94D, L: SPCLEARRECT
CRROWLOOP			= D92A, L: SPCLEARRECT
CSENTER				= DA43, L: SPCREATESPR
CSFAIL1				= DA7B, L: SPCREATESPR
CSFAIL2				= DA7D, L: SPCREATESPR
CSLOOP				= DA2F, L: SPCREATESPR
CSNOCRY				= DA71, L: SPCREATESPR
DEPACK				= 9414, L: MK3
DIRTYAREA			= E34A, L: SPUPDATENOW
DIRTYLOOP			= E324, L: SPUPDATENOW
DONE				= E2E6, L: SPREGISTERHOOKLAST
DOSPRITE			= E40C, L: SPUPDATENOW
DOSPRITE			= D944, L: SPCLEARRECT
DOTILE				= D937, L: SPCLEARRECT
DRAWCHAR			= E3BA, L: SPUPDATENOW
ENTRY				= CADB, L: L_DIV_U
ENTRYLP				= DC18, L: SPINITIALIZE
GENERICISR			= D982, L: SPCREATEGENERICISR
IB1				= D889, L: SPADDMEMORY
IB2				= D890, L: SPADDMEMORY
INVALIDATE			= E1EB, L: SPMOVESPRABS
INVCOLLP			= DF1A, L: SPINVALIDATE
INVFULLCHAR			= DF2D, L: SPINVALIDATE
INVROWLP			= DF2F, L: SPINVALIDATE
I_1				= C821, L: MK3
I_10				= 8C75, L: MK3
I_100				= A036, L: MK3
I_101				= A033, L: MK3
I_102				= A04F, L: MK3
I_103				= A075, L: MK3
I_104				= A0DA, L: MK3
I_105				= A0FD, L: MK3
I_106				= A194, L: MK3
I_107				= A19C, L: MK3
I_108				= A36D, L: MK3
I_109				= A35C, L: MK3
I_11				= 8CA5, L: MK3
I_110				= A25E, L: MK3
I_111				= A248, L: MK3
I_113				= A333, L: MK3
I_114				= A318, L: MK3
I_115_I_114			= A31B, L: MK3
I_116				= A36A, L: MK3
I_117				= A375, L: MK3
I_118				= A393, L: MK3
I_119				= A3D9, L: MK3
I_12				= 8CB2, L: MK3
I_120				= A438, L: MK3
I_121				= A43F, L: MK3
I_122				= A511, L: MK3
I_123				= A511, L: MK3
I_125				= A4B1, L: MK3
I_126				= A470, L: MK3
I_127				= A483, L: MK3
I_128				= A49E, L: MK3
I_129				= A4A1, L: MK3
I_13				= 8CE2, L: MK3
I_130				= A4AC, L: MK3
I_131				= A519, L: MK3
I_132				= A537, L: MK3
I_133				= A548, L: MK3
I_134				= A5AF, L: MK3
I_135				= A54D, L: MK3
I_136				= A5AC, L: MK3
I_137				= A597, L: MK3
I_138_I_137			= A59A, L: MK3
I_139				= A5C0, L: MK3
I_140				= A63D, L: MK3
I_141				= A5C5, L: MK3
I_142				= A63A, L: MK3
I_143				= A60C, L: MK3
I_144_I_143			= A60F, L: MK3
I_145				= A71C, L: MK3
I_146				= A9B1, L: MK3
I_147				= A721, L: MK3
I_149				= A992, L: MK3
I_150				= A813, L: MK3
I_151				= A826, L: MK3
I_152				= A826, L: MK3
I_153				= A83D, L: MK3
I_154				= A862, L: MK3
I_155				= A856, L: MK3
I_156				= A862, L: MK3
I_157				= A881, L: MK3
I_158				= A8A6, L: MK3
I_159				= A89A, L: MK3
I_160				= A8A6, L: MK3
I_161				= A8B1, L: MK3
I_162				= A8C8, L: MK3
I_163				= A8E9, L: MK3
I_164				= A8DF, L: MK3
I_165				= A8E9, L: MK3
I_166				= A904, L: MK3
I_167				= A946, L: MK3
I_168				= A91B, L: MK3
I_169				= A93C, L: MK3
I_170				= A932, L: MK3
I_171				= A93C, L: MK3
I_172				= A9C4, L: MK3
I_173				= A9D6, L: MK3
I_174				= AA14, L: MK3
I_175				= B0BD, L: MK3
I_176				= AB8C, L: MK3
I_177				= AB0F, L: MK3
I_179				= AB70, L: MK3
I_180				= AB8C, L: MK3
I_181				= AB9C, L: MK3
I_182				= B0B7, L: MK3
I_184				= AEB5, L: MK3
I_185				= ABBC, L: MK3
I_186				= ABCF, L: MK3
I_187				= ABCF, L: MK3
I_188				= ADC9, L: MK3
I_189				= ACA2, L: MK3
I_190				= AC54, L: MK3
I_191				= AC6F, L: MK3
I_192				= ACA2, L: MK3
I_193				= AD63, L: MK3
I_194				= AD15, L: MK3
I_195				= AD30, L: MK3
I_196				= AD63, L: MK3
I_197				= AD96, L: MK3
I_198				= AD85, L: MK3
I_200				= ADC9, L: MK3
I_201				= ADB8, L: MK3
I_203				= ADE8, L: MK3
I_204				= AE18, L: MK3
I_205				= AE07, L: MK3
I_206				= AE18, L: MK3
I_207				= AE41, L: MK3
I_208				= AE44, L: MK3
I_209				= AEAE, L: MK3
I_210				= AE60, L: MK3
I_211_I_210			= AE63, L: MK3
I_212				= AE75, L: MK3
I_213				= AEAE, L: MK3
I_214				= AF19, L: MK3
I_215				= AECB, L: MK3
I_216_I_215			= AECE, L: MK3
I_217				= B0B7, L: MK3
I_218				= AF6E, L: MK3
I_219_I_218			= AF71, L: MK3
I_220				= AF78, L: MK3
I_221_I_220			= AF7B, L: MK3
I_222				= B0B7, L: MK3
I_223				= B051, L: MK3
I_224				= AF9B, L: MK3
I_225				= AF9E, L: MK3
I_226				= B021, L: MK3
I_227				= AFBF, L: MK3
I_228				= AFC5, L: MK3
I_229				= AFDC, L: MK3
I_230				= AFDF, L: MK3
I_231				= B013, L: MK3
I_232				= B00D, L: MK3
I_233				= B010, L: MK3
I_234				= B016, L: MK3
I_235				= B04E, L: MK3
I_236				= B048, L: MK3
I_237				= B042, L: MK3
I_238				= B045, L: MK3
I_239				= B04B, L: MK3
I_240				= B0B0, L: MK3
I_241				= B078, L: MK3
I_242				= B072, L: MK3
I_243				= B075, L: MK3
I_244				= B07B, L: MK3
I_245				= B0AA, L: MK3
I_246				= B0A4, L: MK3
I_247				= B0A7, L: MK3
I_248				= B0AD, L: MK3
I_249				= B0FE, L: MK3
I_251				= B40E, L: MK3
I_252				= B12E, L: MK3
I_253				= B13C, L: MK3
I_254				= B3CE, L: MK3
I_255				= B206, L: MK3
I_256				= B1B9, L: MK3
I_257				= B1B6, L: MK3
I_258				= B1B6, L: MK3
I_259				= B203, L: MK3
I_260				= B203, L: MK3
I_261				= B203, L: MK3
I_262				= B203, L: MK3
I_263				= B298, L: MK3
I_264				= B250, L: MK3
I_265				= B24D, L: MK3
I_266				= B24D, L: MK3
I_267				= B298, L: MK3
I_268				= B298, L: MK3
I_269				= B298, L: MK3
I_270				= B298, L: MK3
I_271				= B3C7, L: MK3
I_272				= B2C0, L: MK3
I_274				= B332, L: MK3
I_275				= B3C7, L: MK3
I_276				= B3C4, L: MK3
I_277				= B3BE, L: MK3
I_278_I_277			= B3C1, L: MK3
I_279				= B3D1, L: MK3
I_280				= B40E, L: MK3
I_281				= B493, L: MK3
I_282				= B49A, L: MK3
I_283				= B4B3, L: MK3
I_284				= B4BF, L: MK3
I_285				= B512, L: MK3
I_286				= B508, L: MK3
I_287				= B508, L: MK3
I_288				= B593, L: MK3
I_289				= B547, L: MK3
I_290				= B53D, L: MK3
I_291				= B53D, L: MK3
I_292				= B593, L: MK3
I_293				= B56B, L: MK3
I_294				= B568, L: MK3
I_295				= B58C, L: MK3
I_296				= B58C, L: MK3
I_297				= B58C, L: MK3
I_298				= B5B1, L: MK3
I_299				= B5C4, L: MK3
I_300				= B5C4, L: MK3
I_301				= B72A, L: MK3
I_302				= B675, L: MK3
I_303				= B672, L: MK3
I_304				= B645, L: MK3
I_306				= B672, L: MK3
I_307				= B6CE, L: MK3
I_308				= B6CE, L: MK3
I_309				= B6A5, L: MK3
I_31				= 956B, L: MK3
I_311				= B6CE, L: MK3
I_312				= B6F3, L: MK3
I_313				= B72A, L: MK3
I_314				= B711, L: MK3
I_315_I_314			= B714, L: MK3
I_316				= B77B, L: MK3
I_317				= B76B, L: MK3
I_318				= B76B, L: MK3
I_319				= B844, L: MK3
I_32				= 9575, L: MK3
I_320				= B7CC, L: MK3
I_321				= B7BC, L: MK3
I_322				= B7BC, L: MK3
I_323				= B844, L: MK3
I_324				= B806, L: MK3
I_325				= B803, L: MK3
I_326				= B83D, L: MK3
I_327				= B83D, L: MK3
I_328				= B83D, L: MK3
I_329				= B869, L: MK3
I_33				= 954F, L: MK3
I_330				= B87F, L: MK3
I_331				= B892, L: MK3
I_332				= B892, L: MK3
I_333				= BA0C, L: MK3
I_334				= B943, L: MK3
I_335				= B940, L: MK3
I_336				= B91F, L: MK3
I_338				= B940, L: MK3
I_339				= B9B0, L: MK3
I_34				= 9587, L: MK3
I_340				= B9B0, L: MK3
I_341				= B9B0, L: MK3
I_342				= B98B, L: MK3
I_344				= B9B0, L: MK3
I_345				= B9D5, L: MK3
I_346				= BA0C, L: MK3
I_347				= B9F3, L: MK3
I_348_I_347			= B9F6, L: MK3
I_349				= BB24, L: MK3
I_35				= 9610, L: MK3
I_350				= BAE5, L: MK3
I_351				= BA83, L: MK3
I_352				= BA89, L: MK3
I_353				= BAA0, L: MK3
I_354				= BAA3, L: MK3
I_355				= BAD7, L: MK3
I_356				= BAD1, L: MK3
I_357				= BAD4, L: MK3
I_358				= BADA, L: MK3
I_359				= BB12, L: MK3
I_36				= 9617, L: MK3
I_360				= BB0C, L: MK3
I_361				= BB06, L: MK3
I_362				= BB09, L: MK3
I_363				= BB0F, L: MK3
I_364				= BB24, L: MK3
I_365				= BB3B, L: MK3
I_366				= BB42, L: MK3
I_367				= BB56, L: MK3
I_368				= BB67, L: MK3
I_369				= BB67, L: MK3
I_37				= 96A0, L: MK3
I_370				= BB78, L: MK3
I_371				= BC1E, L: MK3
I_372				= BBC3, L: MK3
I_373				= BB94, L: MK3
I_374				= BB9A, L: MK3
I_375				= BC0C, L: MK3
I_376				= BC05, L: MK3
I_377				= BBD9, L: MK3
I_378				= BBDC, L: MK3
I_379				= BC0C, L: MK3
I_38				= 96A7, L: MK3
I_380				= BC36, L: MK3
I_381				= BC39, L: MK3
I_382				= BCA8, L: MK3
I_383				= BCE3, L: MK3
I_384				= BD0E, L: MK3
I_385				= BD35, L: MK3
I_386				= BD58, L: MK3
I_387				= BD5F, L: MK3
I_388				= BDF6, L: MK3
I_389				= BD93, L: MK3
I_39				= 9712, L: MK3
I_390				= BDBA, L: MK3
I_391				= BE0B, L: MK3
I_392				= BE0E, L: MK3
I_393				= BE22, L: MK3
I_394				= BE79, L: MK3
I_395				= BE76, L: MK3
I_396				= BE76, L: MK3
I_397				= BEAA, L: MK3
I_398				= BEE4, L: MK3
I_399				= BF34, L: MK3
I_40				= 971B, L: MK3
I_400				= BF6E, L: MK3
I_401				= BFFD, L: MK3
I_402				= BFB3, L: MK3
I_403				= BFEF, L: MK3
I_404				= BFD9, L: MK3
I_405				= C008, L: MK3
I_406				= C026, L: MK3
I_407				= C0D7, L: MK3
I_408				= C0D7, L: MK3
I_409				= C0F5, L: MK3
I_41				= 973F, L: MK3
I_410				= C561, L: MK3
I_411				= C12B, L: MK3
I_412				= C11A, L: MK3
I_413_I_412			= C11D, L: MK3
I_414				= C150, L: MK3
I_415				= C150, L: MK3
I_416				= C142, L: MK3
I_417_I_416			= C145, L: MK3
I_418				= C18D, L: MK3
I_419				= C166, L: MK3
I_419_ULE			= C15A, L: MK3
I_42				= 9793, L: MK3
I_420_I_419			= C169, L: MK3
I_421				= C1C4, L: MK3
I_422				= C1C4, L: MK3
I_423				= C1A3, L: MK3
I_423_UGE			= C197, L: MK3
I_424_I_423			= C1A6, L: MK3
I_425				= C208, L: MK3
I_426				= C1DB, L: MK3
I_427_I_426			= C1DE, L: MK3
I_428				= C23E, L: MK3
I_428_UGE			= C237, L: MK3
I_429				= C24F, L: MK3
I_43				= 9836, L: MK3
I_430				= C3C5, L: MK3
I_431				= C3C5, L: MK3
I_432				= C2EC, L: MK3
I_433				= C2E7, L: MK3
I_434_I_433			= C2EA, L: MK3
I_435_I_432			= C2EF, L: MK3
I_436				= C354, L: MK3
I_437				= C33B, L: MK3
I_438				= C326, L: MK3
I_44				= 981F, L: MK3
I_440				= C338, L: MK3
I_441				= C354, L: MK3
I_442				= C380, L: MK3
I_443				= C3A5, L: MK3
I_444				= C39C, L: MK3
I_445				= C39F, L: MK3
I_446				= C3B0, L: MK3
I_447				= C3B8, L: MK3
I_448				= C3D5, L: MK3
I_449				= C3E1, L: MK3
I_45				= 9839, L: MK3
I_450				= C503, L: MK3
I_451				= C4D4, L: MK3
I_452				= C434, L: MK3
I_453				= C500, L: MK3
I_454				= C51F, L: MK3
I_455				= C529, L: MK3
I_456				= C55E, L: MK3
I_457				= C54F, L: MK3
I_458				= C545, L: MK3
I_459				= C548, L: MK3
I_46				= 983A, L: MK3
I_460				= C552, L: MK3
I_461				= C5AC, L: MK3
I_462				= C5CC, L: MK3
I_463				= C5C9, L: MK3
I_464				= C5C9, L: MK3
I_464_UGE			= C5C0, L: MK3
I_465_I_464			= C5CC, L: MK3
I_466				= C5DF, L: MK3
I_467				= C68D, L: MK3
I_468				= C6C1, L: MK3
I_469				= C69C, L: MK3
I_47				= 9842, L: MK3
I_470				= C6BE, L: MK3
I_471				= C6B5, L: MK3
I_472				= C6BB, L: MK3
I_48				= 9842, L: MK3
I_49				= 984B, L: MK3
I_50				= 9853, L: MK3
I_51				= 9866, L: MK3
I_52				= 98B3, L: MK3
I_53				= 98A5, L: MK3
I_55				= 98CD, L: MK3
I_56				= 98D0, L: MK3
I_57				= 98FD, L: MK3
I_58				= 9900, L: MK3
I_59				= 997F, L: MK3
I_60				= 9982, L: MK3
I_63				= 9A7D, L: MK3
I_64				= 99A2, L: MK3
I_65				= 99BA, L: MK3
I_66				= 99BA, L: MK3
I_67				= 99CE, L: MK3
I_68				= 99D1, L: MK3
I_69				= 9A6E, L: MK3
I_70				= 9A77, L: MK3
I_71				= 9A90, L: MK3
I_72				= 9AE8, L: MK3
I_73				= 9ABF, L: MK3
I_74				= 9AE5, L: MK3
I_75				= 9B5A, L: MK3
I_76				= 9C6E, L: MK3
I_77				= 9BC3, L: MK3
I_78				= 9C6E, L: MK3
I_79				= 9C76, L: MK3
I_8				= 8C38, L: MK3
I_80				= 9CB9, L: MK3
I_81				= 9CE7, L: MK3
I_82				= 9D11, L: MK3
I_83				= 9D00, L: MK3
I_84				= 9D2B, L: MK3
I_85				= 9D50, L: MK3
I_86				= 9DB6, L: MK3
I_87				= 9DA7, L: MK3
I_88				= 9D91, L: MK3
I_89				= 9D91, L: MK3
I_9				= 8C68, L: MK3
I_90				= 9DA4, L: MK3
I_91				= 9DB3, L: MK3
I_92				= 9E56, L: MK3
I_94				= 9E8F, L: MK3
I_95				= 9F08, L: MK3
I_96				= 9F5C, L: MK3
I_97				= 9F46, L: MK3
I_98				= 9F59, L: MK3
I_99				= 9F68, L: MK3
JKLOOP				= E03D, L: SPJOYKEYBOARD
JPHL				= DA86, L: SPCREATESPR
JPHL				= D99D, L: SPCREATEGENERICISR
JPHL				= D867, L: SPDELETESPR
JPHL				= D84D, L: SPADDCOLSPR
KEMPTBL				= E002, L: SPJOYKEMPSTON
KEYOK				= DAA8, L: SP_GETKEY
KEYROWLOOP			= DACE, L: SPGETKEY
LOADNOROTATE			= E614, L: SPUPDATENOW
LOADTYPE			= E5A6, L: SPUPDATENOW
LOOP				= E2DB, L: SPREGISTERHOOKLAST
LOOP				= DC34, L: SPINITIALIZE
LOOP				= D852, L: SPDELETESPR
L_AND				= CAB5, G: L_AND
L_ASL				= CABC, G: L_ASL
L_ASL1				= CABD, L: L_ASL
L_ASR				= CAC3, G: L_ASR
L_ASR1				= CAC4, L: L_ASR
L_ASR_U				= CACD, G: L_ASR_U
L_ASR_U_1			= CACE, L: L_ASR_U
L_DIV1				= CAE2, L: L_DIV_U
L_DIV2				= CAEC, L: L_DIV_U
L_DIV_U				= CAD7, G: L_DIV_U
L_EQ				= CAF6, G: L_EQ
L_GCHAR				= CAFD, G: L_GCHAR
L_GCHARSPSP			= CB03, G: L_GCHARSPSP
L_GINT				= CB0D, G: L_GINT
L_GT				= CB12, G: L_GT
L_LNEG				= CB1E, G: L_LNEG
L_LT				= CB23, G: L_LT
L_NE				= CB2F, G: L_NE
L_NEG				= CB36, G: L_NEG
L_OR				= CB3E, G: L_OR
L_PINT				= CB45, G: L_PINT
L_SXT				= CB4B, G: L_SXT
L_SXT				= CAFE, L: L_GCHAR
L_UGE				= CB50, G: L_UGE
L_UGT				= CB58, G: L_UGT
L_ULE				= CB5E, G: L_ULE
L_ULT				= CB66, G: L_ULT
L_XOR				= CB6C, G: L_XOR
MASKNOROTATE			= E55B, L: SPUPDATENOW
MVCOLLOOP			= E127, L: SPMOVESPRABS
MVROWLOOP			= E12D, L: SPMOVESPRABS
NEXTDATA			= C71E, L: MK3
NEXTSCANROW			= DAE3, L: SPGETKEY
NOADD				= DC46, L: SPINITIALIZE
NOCAPS				= E09E, L: SPKEYPRESSED
NOCAPS				= DB21, L: SPGETKEY
NODEC1				= E1B7, L: SPMOVESPRABS
NOFIRE				= E03D, L: SPJOYKEYBOARD
NOINC				= E306, L: SPTILEENTRY
NOINC				= DBDD, L: SPTBLLOOKUP
NOINC1				= E33C, L: SPUPDATENOW
NOINC1				= E14F, L: SPMOVESPRABS
NOINC1				= DF16, L: SPINVALIDATE
NOINC1				= D95B, L: SPCLEARRECT
NOINC1				= D7FB, L: SPADDCOLSPR
NOINC10				= E3F3, L: SPUPDATENOW
NOINC11				= E396, L: SPUPDATENOW
NOINC2				= E188, L: SPMOVESPRABS
NOINC2				= DF29, L: SPINVALIDATE
NOINC3				= E1A9, L: SPMOVESPRABS
NOINC3				= DF3A, L: SPINVALIDATE
NOINC4				= E1C3, L: SPMOVESPRABS
NOINC5				= E229, L: SPMOVESPRABS
NOKEYS				= DB2F, L: SPGETKEY
NOMORESPRITES			= E54D, L: SPUPDATENOW
NONEXT1				= E163, L: SPMOVESPRABS
NONEXT2				= E1D0, L: SPMOVESPRABS
NOPRESS				= E048, L: SPJOYKEYBOARD
NOPRESS				= DADE, L: SPGETKEY
NOSPRITE			= D963, L: SPCLEARRECT
NOSYM				= E0AA, L: SPKEYPRESSED
NOSYM				= DB2C, L: SPGETKEY
NOTACROSSBLK1			= E334, L: SPUPDATENOW
NOTACROSSBLK2			= E384, L: SPUPDATENOW
NOTCOMPRESS			= DA55, L: SPCREATESPR
NOTDISPLAYED			= E1D0, L: SPMOVESPRABS
NOTDONE				= E137, L: SPMOVESPRABS
NOTINDLIST			= E163, L: SPMOVESPRABS
NOTLOAD				= E3E8, L: SPUPDATENOW
NOTNEGATIVE			= E218, L: SPMOVESPRABS
ORNOROTATE			= E771, L: SPUPDATENOW
ORTYPE				= E6EB, L: SPUPDATENOW
PDLOOP				= E180, L: SPMOVESPRABS
POPREG				= D9B0, L: SPCREATEGENERICISR
POSITION			= D985, L: SPCREATEGENERICISR
PUSHREG				= D98E, L: SPCREATEGENERICISR
PUTHERE				= E19A, L: SPMOVESPRABS
READDATA			= C6DF, L: MK3
REENTER				= E33C, L: SPUPDATENOW
RND				= 9745, L: MK3
ROTLP				= DC1B, L: SPINITIALIZE
ROTTBLLP			= DC11, L: SPINITIALIZE
RUNHOOKS			= D99E, L: SPCREATEGENERICISR
SCANLOOP			= DACA, L: SPGETKEY
SFXDATA				= C790, L: MK3
SFXRN0				= C768, L: MK3
SFXRN1				= C76C, L: MK3
SFXRN2				= C77C, L: MK3
SFXROUTINENOISE			= C761, L: MK3
SFXROUTINENOISEBORDER		= C76F, L: MK3
SFXROUTINESAMPLE		= C700, L: MK3
SFXROUTINESAMPLEBORDER		= C710, L: MK3
SFXROUTINETONE			= C722, L: MK3
SFXROUTINETONEBORDER		= C73C, L: MK3
SFXROUTINETONEDUTY		= C737, L: MK3
SFXRS0				= C701, L: MK3
SFXRS1				= C705, L: MK3
SFXRS2				= C708, L: MK3
SFXRT0				= C731, L: MK3
SFXRT1				= C735, L: MK3
SINC1TBL			= E062, L: SPJOYSINCLAIR1
SKIP				= DB0B, L: SPGETKEY
SKIP1				= E239, L: SPMOVESPRABS
SKIP2				= E249, L: SPMOVESPRABS
SOUNDEFFECT0DATA		= C79E, L: MK3
SOUNDEFFECT1DATA		= C7AA, L: MK3
SOUNDEFFECT2DATA		= C7B6, L: MK3
SOUNDEFFECT3DATA		= C7BE, L: MK3
SOUNDEFFECT4DATA		= C7D1, L: MK3
SOUNDEFFECT5DATA		= C7E4, L: MK3
SOUNDEFFECT6DATA		= C7FB, L: MK3
SOUNDEFFECTSDATA		= C790, L: MK3
SOUND_PLAY			= C6C2, L: MK3
SPADDCOLSPR			= D7A3, G: SPADDCOLSPR
SPADDMEMORY			= D881, G: SPADDMEMORY
SPALLOC				= D8D2, G: SPBLOCKALLOC
SPBIT2MASK			= E2A5, G: SPBIT2MASK
SPBITLEFT2MASK			= DF48, G: SPBITLEFT2MASK
SPBITRIGHT2MASK			= DF50, G: SPBITRIGHT2MASK
SPBLOCKALLOC			= D8C8, G: SPBLOCKALLOC
SPBORDER			= D8ED, G: SPBORDER
SPBORDERCLR			= D8EC, G: SPBORDER
SPCLEARRECT			= D919, G: SPCLEARRECT
SPCLEARRECTP			= D921, G: SPCLEARRECT
SPCOMPDIRTYADDR			= DF58, G: SPCOMPDIRTYADDR
SPCOMPDLISTADDR			= CB73, G: SPCOMPDLISTADDR
SPCREATEGENERICISR		= D979, G: SPCREATEGENERICISR
SPCREATESPR			= D9DE, G: SPCREATESPR
SPDELETESPR			= D84E, G: SPDELETESPR
SPDIRTYCHARS			= DC4E, G: SPDIRTYCHARS
SPDISPLAYLIST			= CB84, G: SPDISPLAYLIST
SPDSLOOP			= D85F, G: SPDELETESPR
SPFB1				= D8A2, G: SPFREEBLOCK
SPFB2				= D8AD, G: SPFREEBLOCK
SPFREEBLOCK			= D89D, G: SPFREEBLOCK
SPGETKEY			= DAC3, G: SPGETKEY
SPINITIALIZE			= DBEB, G: SPINITIALIZE
SPINITIM2			= DEB9, G: SPINITIM2
SPINKEY				= DAB2, G: SPGETKEY
SPINTRECT			= DF6D, G: SPINTRECT
SPINTSMALLIVAL			= DF9E, G: SPINTRECT
SPINVALIDATE			= DEF5, G: SPINVALIDATE
SPINVALIDATEP			= DEFD, G: SPINVALIDATE
SPJOYKEMPSTON			= DFF7, G: SPJOYKEMPSTON
SPJOYKEYBOARD			= E030, G: SPJOYKEYBOARD
SPJOYSINCLAIR1			= E056, G: SPJOYSINCLAIR1
SPKEYDEBOUNCE			= DAAF, G: SPGETKEY
SPKEYPRESSED			= E092, G: SPKEYPRESSED
SPKEYREPEATPERIOD		= DAB1, G: SPGETKEY
SPKEYSTARTREPEAT		= DAB0, G: SPGETKEY
SPKEYTRANSTBL			= DB37, G: SPKEYTRANSTBL
SPMOVESPRABS			= E0C1, G: SPMOVESPRABS
SPMOVESPRABSC			= E0E8, G: SPMOVESPRABS
SPMOVESPRABSNC			= E0CF, G: SPMOVESPRABS
SPNULLSPRPTR			= DA87, G: SPNULLSPRPTR
SPPRINTATINV			= E28D, G: SPPRINTATINV
SPPTINSMALLIVAL			= DFC3, G: SPINTRECT
SPQUEUETABLE			= D8B8, G: SPQUEUETABLE
SPREGISTERHOOK			= E2D2, G: SPREGISTERHOOKLAST
SPREGISTERHOOKLAST		= E2D2, G: SPREGISTERHOOKLAST
SPRITE				= D93A, L: SPCLEARRECT
SPRITELOOP			= E408, L: SPUPDATENOW
SPTBLLOOKUP			= DBD7, G: SPTBLLOOKUP
SPTILEARRAY			= DCAE, G: SPTILEARRAY
SPTILEENTRY			= E2FD, G: SPTILEENTRY
SPUPDATENOW			= E31B, G: SPUPDATENOW
SP_ADDCOLSPR			= D784, G: SP_ADDCOLSPR
SP_ADDMEMORY			= D868, G: SP_ADDMEMORY
SP_BLOCKALLOC			= D8BA, G: SP_BLOCKALLOC
SP_BORDER			= D8E3, G: SP_BORDER
SP_CLEARRECT			= D8F5, G: SP_CLEARRECT
SP_CREATEGENERICISR		= D970, G: SP_CREATEGENERICISR
SP_CREATESPR			= D9C1, G: SP_CREATESPR
SP_FIXCLIPRECT			= DFD6, G: SP_FIXCLIPRECT
SP_FREEBLOCK			= DA97, G: SP_FREEBLOCK
SP_GETKEY			= DAA2, G: SP_GETKEY
SP_INITIALIZE			= DBDF, G: SP_INITIALIZE
SP_INITIM2			= DEAE, G: SP_INITIM2
SP_INVALIDATE			= DECF, G: SP_INVALIDATE
SP_JOYKEMPSTON			= DFF0, G: SP_JOYKEMPSTON
SP_JOYKEYBOARD			= E022, G: SP_JOYKEYBOARD
SP_JOYSINCLAIR1			= E04F, G: SP_JOYSINCLAIR1
SP_KEYPRESSED			= E082, G: SP_KEYPRESSED
SP_MOVEABSHELP			= E24C, G: SP_MOVEABSHELP
SP_MOVESPRABS			= E0B6, G: SP_MOVESPRABS
SP_PRINTATINV			= E27B, G: SP_PRINTATINV
SP_REGISTERHOOK			= E2AD, G: SP_REGISTERHOOK
SP_REGISTERHOOKLAST		= E2C3, G: SP_REGISTERHOOKLAST
SP_TILEARRAY			= E2EF, G: SP_TILEARRAY
SP_UPDATENOW			= E30E, G: SP_UPDATENOW
START				= 5DF2, L: ZX82_CRT0
STATE				= DAAD, L: SPGETKEY
TEMPCOLOUR			= E31A, L: SPUPDATENOW
TEMPGRAPHIC			= E312, L: SPUPDATENOW
TILEONLY			= E38B, L: SPUPDATENOW
TOOMANYKEYS			= DB2F, L: SPGETKEY
TRYOTHERWAY			= DFB2, L: SPINTRECT
USERTILE			= DC49, L: SPINITIALIZE
XINSCREEN			= E110, L: SPMOVESPRABS
XORNOROTATE			= E6B9, L: SPUPDATENOW
XORTYPE				= E633, L: SPUPDATENOW
YINSCREEN			= E100, L: SPMOVESPRABS
_ADVANCE_WORM			= 9E67, G: MK3
_ALL_SPRITES_OUT		= 9C6F, G: MK3
_ALTER_MAP			= 9805, G: MK3
_ALT_TILE			= 9E57, G: MK3
_ASM_BEEPFX			= C803, G: MK3
_AT1				= CA4A, G: MK3
_AT2				= CA4B, G: MK3
_BEEP_FX			= C804, G: MK3
_BEHS				= 6780, G: MK3
_BITMASK			= 8CFB, G: MK3
_BOLTS_CLEAR_BOLT		= A538, G: MK3
_BOLTS_LOAD			= A512, G: MK3
_BOLTS_UPDATE_SCREEN		= A5B0, G: MK3
_BOX_BUFF			= 8DA8, G: MK3
_BUTTON_PRESSED			= 9806, G: MK3
_CHARACTER_ORDER		= CA25, G: MK3
_CHARACTER_ORDER_IDX		= C992, G: MK3
_CM_TWO_POINTS			= 9887, G: MK3
_COCO_IT			= CA6C, G: MK3
_COCO_SLOT			= C9D1, G: MK3
_COCO_SLOTS			= CAB1, G: MK3
_COCO_VX			= CA7A, G: MK3
_COCO_VX_PRECALC		= 8CE3, G: MK3
_COCO_VY			= CA80, G: MK3
_COCO_VY_PRECALC		= 8CE7, G: MK3
_COCO_X				= C9B3, G: MK3
_COCO_Y				= C9B9, G: MK3
_COLLIDE			= 9914, G: MK3
_CONTROLS_SETUP			= 999D, G: MK3
_CX1				= CA4C, G: MK3
_CX2				= CA4D, G: MK3
_CY1				= CA4E, G: MK3
_CY2				= CA4F, G: MK3
_C_LEVEL			= C9CE, G: MK3
_DELAY				= 984C, G: MK3
_DO_GAME			= CA51, G: MK3
_DRAW_SCR			= 9EEE, G: MK3
_DRAW_SCR_BUFFER		= A037, G: MK3
_DRAW_TILE			= 9AE9, G: MK3
_DRAW_TILE_ADVANCE		= 9E2F, G: MK3
_ENCELLOFFSET			= CA43, G: MK3
_ENDING_RLE			= 8B26, G: MK3
_ENEMS				= 86BA, G: MK3
_ENEMS_DO			= AA0D, G: MK3
_ENEMS_DRAIN			= A9B2, G: MK3
_ENEMS_LOAD			= A6F0, G: MK3
_ENEMS_RESTORE_VALS		= A63E, G: MK3
_ENOFFS				= C9EC, G: MK3
_EN_COLLX			= CA46, G: MK3
_EN_COLLY			= CA49, G: MK3
_EN_CT				= C947, G: MK3
_EN_DYING			= CA52, G: MK3
_EN_FACING			= C989, G: MK3
_EN_FR				= C94A, G: MK3
_EN_HL				= C944, G: MK3
_EN_LIFE			= CA76, G: MK3
_EN_MX				= C98C, G: MK3
_EN_MY				= C98F, G: MK3
_EN_S				= CA14, G: MK3
_EN_STATE			= CA90, G: MK3
_EN_T				= CA17, G: MK3
_EN_WASHIT			= CA87, G: MK3
_EN_X				= CA1B, G: MK3
_EN_X1				= C934, G: MK3
_EN_X2				= C937, G: MK3
_EN_Y				= CA1E, G: MK3
_EN_Y1				= C93A, G: MK3
_EN_Y2				= C93D, G: MK3
_EVIL_TILE_HIT			= C99E, G: MK3
_FIRST_TIME			= C9E2, G: MK3
_FRAME_COUNTER			= CA56, G: MK3
_FSRECT				= 5DFC, G: MK3
_GAME_ENDING			= C627, G: MK3
_GAME_INIT			= C027, G: MK3
_GAME_LOOP			= C0E1, G: MK3
_GAME_OVER			= C5E3, G: MK3
_GAME_PREPARE_SCREEN		= C0C0, G: MK3
_GAME_SHUTDOWN_SPRITES		= C001, G: MK3
_GAME_TITLE			= C565, G: MK3
_GENFLIPFLOP			= C930, G: MK3
_GPINT				= C99C, G: MK3
_GPIT				= CA2F, G: MK3
_GPJT				= CA30, G: MK3
_GP_AUX				= C9E4, G: MK3
_GP_GEN				= C9D2, G: MK3
_GP_INT				= C9EA, G: MK3
_GP_MAP				= C9E6, G: MK3
_GUAY_CT			= C99F, G: MK3
_HACT				= C9EF, G: MK3
_HALF_LIFE			= C940, G: MK3
_HITTER_FRAME			= CA94, G: MK3
_HITTER_HS_X			= CA99, G: MK3
_HITTER_HS_Y			= CA9A, G: MK3
_HITTER_X			= CA21, G: MK3
_HITTER_Y			= CA22, G: MK3
_HL_PROC			= CAB4, G: MK3
_HOTSPOTS			= 885E, G: MK3
_HOTSPOTS_DO			= A440, G: MK3
_HOTSPOTS_INI			= A36E, G: MK3
_HOTSPOTS_LOAD			= A3DA, G: MK3
_HOTSPOTS_PAINT			= A394, G: MK3
_HRT				= CA67, G: MK3
_HRX				= CA5F, G: MK3
_HRY				= CA64, G: MK3
_HUD_UPDATE			= BC6E, G: MK3
_ISR				= 94F1, G: MK3
_ISRC				= CA3D, G: MK3
_IS_PLATFORM			= C9D0, G: MK3
_JITTER_BIG			= 8CEB, G: MK3
_JOYFUNC			= CA2B, G: MK3
_KEYS				= CA32, G: MK3
_KEYSCANCODES			= 9985, G: MK3
_KEY_JUMP			= CA2D, G: MK3
_LEVEL				= C9A0, G: MK3
_LEVEL0				= 8C1E, G: MK3
_LEVELS				= 8C24, G: MK3
_LEVEL_SETUP			= BD0F, G: MK3
_LIBRARIAN_GET_RESOURCE		= 9867, G: MK3
_LIBRARY			= 5E00, G: MK3
_LKACT				= C998, G: MK3
_LOCKS				= 86B2, G: MK3
_MAIN				= C687, G: MK3
_MAP				= 7C40, G: MK3
_MAP_BASE_ADDRESS		= 97B8, G: MK3
_MAX_HOTSPOTS_TYPE_1		= CA8C, G: MK3
_MY_MALLOC			= 94E2, G: MK3
_NO_CT				= C9A1, G: MK3
_N_PANT				= CA12, G: MK3
_OB_CHAR_ID			= C9CD, G: MK3
_OB_CHAR_N_PANTS		= 8D03, G: MK3
_OB_CHAR_X			= C993, G: MK3
_OB_CHAR_Y			= C994, G: MK3
_OB_CHAR_YX			= 8D09, G: MK3
_OB_DRAW_TAPESTRY		= BDFE, G: MK3
_OB_DRAW_TEXT			= BE7A, G: MK3
_OB_INIT			= BD22, G: MK3
_OB_RUN_SCRIPT			= BF5C, G: MK3
_OB_SPECIAL			= BEE5, G: MK3
_OB_TEXT_PT			= CA6E, G: MK3
_ON_PANT			= C9E8, G: MK3
_OPBODYCOUNT			= CA40, G: MK3
_OPKEYS				= CA8B, G: MK3
_OPLIFE				= CA70, G: MK3
_OPOBJS				= CA79, G: MK3
_OPSTARS			= CA8E, G: MK3
_PAD				= CA55, G: MK3
_PAD0				= C9EE, G: MK3
_PAD_READ			= 9779, G: MK3
_PAD_THIS_FRAME			= C9ED, G: MK3
_PAN				= CA57, G: MK3
_PBODYCOUNT			= CA3F, G: MK3
_PBX1				= CA23, G: MK3
_PBY1				= CA24, G: MK3
_PCHARACTER			= C9E3, G: MK3
_PCX				= CA60, G: MK3
_PCY				= CA62, G: MK3
_PEMMERALDS			= C941, G: MK3
_PFACING			= C997, G: MK3
_PFACINGH			= CA13, G: MK3
_PFACINGLAST			= CA86, G: MK3
_PFACINGV			= CA1A, G: MK3
_PFIRING			= C9E9, G: MK3
_PFIXCT				= CA50, G: MK3
_PFLICKERING			= CA8D, G: MK3
_PGOTTEN			= CA42, G: MK3
_PGTMX				= C9B1, G: MK3
_PGTMY				= C9B2, G: MK3
_PHIT				= CA3E, G: MK3
_PINV				= CA41, G: MK3
_PKEYS				= C9AC, G: MK3
_PKILLED			= CA2A, G: MK3
_PLAYER_HIT			= B474, G: MK3
_PLAYER_INIT			= B40F, G: MK3
_PLAYER_MOVE			= B4A7, G: MK3
_PLAYER_PROCESS_BLOCK		= B0E5, G: MK3
_PLAYER_RESET_MOVEMENT		= B0BE, G: MK3
_PLIFE				= C9A8, G: MK3
_POBJS				= C9AB, G: MK3
_PPOSSEE			= CA93, G: MK3
_PREGOTTEN			= C995, G: MK3
_PRX				= CA71, G: MK3
_PRY				= CA72, G: MK3
_PSPRID				= CA98, G: MK3
_PSTARS				= CA96, G: MK3
_PSTATESPRADDER			= C996, G: MK3
_PVX				= CA73, G: MK3
_PVY				= CA74, G: MK3
_PVYLAST			= C987, G: MK3
_PWASHIT			= CA8F, G: MK3
_PX				= C9AD, G: MK3
_PY				= C9AF, G: MK3
_P_S				= 9A7E, G: MK3
_P_T2				= A076, G: MK3
_QUEUED_SOUND			= C92B, G: MK3
_RAM_ADDRESS			= 94B7, G: MK3
_RAM_DESTINATION		= 94B9, G: MK3
_RAND8				= 9745, G: MK3
_RANDRES			= 9744, G: MK3
_RDA				= CA58, G: MK3
_RDB				= CA59, G: MK3
_RDC				= CA5A, G: MK3
_RDCH				= CA31, G: MK3
_RDCT				= CA3C, G: MK3
_RDD				= CA5B, G: MK3
_RDE				= CA5C, G: MK3
_RDF				= CA5D, G: MK3
_RDI				= CA5E, G: MK3
_RDS				= CA65, G: MK3
_RDSINT				= CA6A, G: MK3
_RDT				= CA66, G: MK3
_RDX				= CA68, G: MK3
_RDXX				= CA45, G: MK3
_RDY				= CA69, G: MK3
_RDYX				= CA47, G: MK3
_RDYY				= CA48, G: MK3
_SCRIPTS			= 8D9C, G: MK3
_SCRIPT_0			= 8D0F, G: MK3
_SCRIPT_1			= 8D1F, G: MK3
_SCRIPT_2			= 8D39, G: MK3
_SCRIPT_3			= 8D4E, G: MK3
_SCRIPT_4			= 8D68, G: MK3
_SCRIPT_5			= 8D87, G: MK3
_SCR_RAND			= 9ECE, G: MK3
_SEED1				= 9740, G: MK3
_SEED2				= 9742, G: MK3
_SET_MAP_TILE			= 9DC1, G: MK3
_SIMPLECOCO_DO			= A195, G: MK3
_SIMPLECOCO_INIT		= A0D3, G: MK3
_SIMPLECOCO_STRAIGHT_NEW	= A0FE, G: MK3
_SPRITESCLIP			= C932, G: MK3
_SPRITESCLIPVALUES		= 5DF8, G: MK3
_SPRITE_CELLS			= C94B, G: MK3
_SPRITE_CELLS_INIT		= 8C26, G: MK3
_SPR_CUR			= CAA3, G: MK3
_SPR_ID				= CA95, G: MK3
_SPR_IDX			= CAA2, G: MK3
_SPR_NEXT			= C91D, G: MK3
_SPR_ON				= CA9B, G: MK3
_SPR_X				= C9D4, G: MK3
_SPR_Y				= C9DB, G: MK3
_SP_SW				= C9BF, G: MK3
_SRAND				= 976C, G: MK3
_SS				= 67B0, G: MK3
_SS_ENEMS			= 7780, G: MK3
_SS_EXTRA			= 7C00, G: MK3
_SS_MAIN			= 67C0, G: MK3
_SS_SMALL			= 7C00, G: MK3
_SYSTEM_INIT			= 94FA, G: MK3
_TEXTS0				= 8DD8, G: MK3
_TICKER				= CA6D, G: MK3
_TITLE_RLE			= 88A4, G: MK3
_TM_CTR				= CA8A, G: MK3
_TS				= 5E00, G: MK3
_TSMAPS				= 6600, G: MK3
_UNPACK				= 94BB, G: MK3
_UNRLE				= 9D2C, G: MK3
_UNRLE_ADV			= 9CBD, G: MK3
_UNRLE_C			= 9CBC, G: MK3
_UNRLE_X			= 9CBA, G: MK3
_UNRLE_Y			= 9CBB, G: MK3
_USE_CT				= CA97, G: MK3
_U_FREE				= 94ED, G: MK3
_U_MALLOC			= 94EB, G: MK3
_WAIT_BUTTON			= 983A, G: MK3
__COCO_X			= C9A2, G: MK3
__COCO_Y			= C9A4, G: MK3
__EN_CT				= C931, G: MK3
__EN_MX				= C942, G: MK3
__EN_MY				= C943, G: MK3
__EN_STATE			= CA44, G: MK3
__EN_T				= C917, G: MK3
__EN_X				= C918, G: MK3
__EN_X1				= C92C, G: MK3
__EN_X2				= C92D, G: MK3
__EN_Y				= C919, G: MK3
__EN_Y1				= C92E, G: MK3
__EN_Y2				= C92F, G: MK3
__N				= C9A6, G: MK3
__OBT0				= C91A, G: MK3
__OBT1				= C91B, G: MK3
__OBT2				= C91C, G: MK3
__T				= C9A7, G: MK3
__X				= C9A9, G: MK3
__Y				= C9AA, G: MK3


START				= 5DF2, L: ZX82_CRT0
_SPRITESCLIPVALUES		= 5DF8, G: MK3
_FSRECT				= 5DFC, G: MK3
_TS				= 5E00, G: MK3
_LIBRARY			= 5E00, G: MK3
_TSMAPS				= 6600, G: MK3
_BEHS				= 6780, G: MK3
_SS				= 67B0, G: MK3
_SS_MAIN			= 67C0, G: MK3
_SS_ENEMS			= 7780, G: MK3
_SS_SMALL			= 7C00, G: MK3
_SS_EXTRA			= 7C00, G: MK3
_MAP				= 7C40, G: MK3
_LOCKS				= 86B2, G: MK3
_ENEMS				= 86BA, G: MK3
_HOTSPOTS			= 885E, G: MK3
_TITLE_RLE			= 88A4, G: MK3
_ENDING_RLE			= 8B26, G: MK3
_LEVEL0				= 8C1E, G: MK3
_LEVELS				= 8C24, G: MK3
_SPRITE_CELLS_INIT		= 8C26, G: MK3
I_8				= 8C38, L: MK3
I_9				= 8C68, L: MK3
I_10				= 8C75, L: MK3
I_11				= 8CA5, L: MK3
I_12				= 8CB2, L: MK3
I_13				= 8CE2, L: MK3
_COCO_VX_PRECALC		= 8CE3, G: MK3
_COCO_VY_PRECALC		= 8CE7, G: MK3
_JITTER_BIG			= 8CEB, G: MK3
_BITMASK			= 8CFB, G: MK3
_OB_CHAR_N_PANTS		= 8D03, G: MK3
_OB_CHAR_YX			= 8D09, G: MK3
_SCRIPT_0			= 8D0F, G: MK3
_SCRIPT_1			= 8D1F, G: MK3
_SCRIPT_2			= 8D39, G: MK3
_SCRIPT_3			= 8D4E, G: MK3
_SCRIPT_4			= 8D68, G: MK3
_SCRIPT_5			= 8D87, G: MK3
_SCRIPTS			= 8D9C, G: MK3
_BOX_BUFF			= 8DA8, G: MK3
_TEXTS0				= 8DD8, G: MK3
DEPACK				= 9414, L: MK3
APBRANCH1			= 9417, L: MK3
APLOOP0				= 9419, L: MK3
APLOOP				= 941C, L: MK3
APGET4BITS			= 942F, L: MK3
APWRITEBYTE			= 9439, L: MK3
APBRANCH4			= 943D, L: MK3
APBRANCH3			= 9446, L: MK3
APBRANCH2			= 945A, L: MK3
APSKIP2				= 9479, L: MK3
APSKIP3				= 9482, L: MK3
AP_FINISHUP			= 9485, L: MK3
AP_FINISHUP2			= 9488, L: MK3
AP_R0_GAMMA			= 948F, L: MK3
AP_GETBIT			= 949B, L: MK3
AP_GETGAMMA			= 94A7, L: MK3
AP_GETGAMMALOOP			= 94AA, L: MK3
_RAM_ADDRESS			= 94B7, G: MK3
_RAM_DESTINATION		= 94B9, G: MK3
_UNPACK				= 94BB, G: MK3
_MY_MALLOC			= 94E2, G: MK3
_U_MALLOC			= 94EB, G: MK3
_U_FREE				= 94ED, G: MK3
_ISR				= 94F1, G: MK3
_SYSTEM_INIT			= 94FA, G: MK3
I_33				= 954F, L: MK3
I_31				= 956B, L: MK3
I_32				= 9575, L: MK3
I_34				= 9587, L: MK3
I_35				= 9610, L: MK3
I_36				= 9617, L: MK3
I_37				= 96A0, L: MK3
I_38				= 96A7, L: MK3
I_39				= 9712, L: MK3
I_40				= 971B, L: MK3
I_41				= 973F, L: MK3
_SEED1				= 9740, G: MK3
_SEED2				= 9742, G: MK3
_RANDRES			= 9744, G: MK3
_RAND8				= 9745, G: MK3
RND				= 9745, L: MK3
_SRAND				= 976C, G: MK3
_PAD_READ			= 9779, G: MK3
I_42				= 9793, L: MK3
_MAP_BASE_ADDRESS		= 97B8, G: MK3
_ALTER_MAP			= 9805, G: MK3
_BUTTON_PRESSED			= 9806, G: MK3
I_44				= 981F, L: MK3
I_43				= 9836, L: MK3
I_45				= 9839, L: MK3
_WAIT_BUTTON			= 983A, G: MK3
I_46				= 983A, L: MK3
I_47				= 9842, L: MK3
I_48				= 9842, L: MK3
I_49				= 984B, L: MK3
_DELAY				= 984C, G: MK3
I_50				= 9853, L: MK3
I_51				= 9866, L: MK3
_LIBRARIAN_GET_RESOURCE		= 9867, G: MK3
_CM_TWO_POINTS			= 9887, G: MK3
I_53				= 98A5, L: MK3
I_52				= 98B3, L: MK3
I_55				= 98CD, L: MK3
I_56				= 98D0, L: MK3
I_57				= 98FD, L: MK3
I_58				= 9900, L: MK3
_COLLIDE			= 9914, G: MK3
I_59				= 997F, L: MK3
I_60				= 9982, L: MK3
_KEYSCANCODES			= 9985, G: MK3
_CONTROLS_SETUP			= 999D, G: MK3
I_64				= 99A2, L: MK3
I_65				= 99BA, L: MK3
I_66				= 99BA, L: MK3
I_67				= 99CE, L: MK3
I_68				= 99D1, L: MK3
I_69				= 9A6E, L: MK3
I_70				= 9A77, L: MK3
I_63				= 9A7D, L: MK3
_P_S				= 9A7E, G: MK3
I_71				= 9A90, L: MK3
I_73				= 9ABF, L: MK3
I_74				= 9AE5, L: MK3
I_72				= 9AE8, L: MK3
_DRAW_TILE			= 9AE9, G: MK3
I_75				= 9B5A, L: MK3
I_77				= 9BC3, L: MK3
I_78				= 9C6E, L: MK3
I_76				= 9C6E, L: MK3
_ALL_SPRITES_OUT		= 9C6F, G: MK3
I_79				= 9C76, L: MK3
I_80				= 9CB9, L: MK3
_UNRLE_X			= 9CBA, G: MK3
_UNRLE_Y			= 9CBB, G: MK3
_UNRLE_C			= 9CBC, G: MK3
_UNRLE_ADV			= 9CBD, G: MK3
I_81				= 9CE7, L: MK3
I_83				= 9D00, L: MK3
I_82				= 9D11, L: MK3
I_84				= 9D2B, L: MK3
_UNRLE				= 9D2C, G: MK3
I_85				= 9D50, L: MK3
I_88				= 9D91, L: MK3
I_89				= 9D91, L: MK3
I_90				= 9DA4, L: MK3
I_87				= 9DA7, L: MK3
I_91				= 9DB3, L: MK3
I_86				= 9DB6, L: MK3
_SET_MAP_TILE			= 9DC1, G: MK3
_DRAW_TILE_ADVANCE		= 9E2F, G: MK3
I_92				= 9E56, L: MK3
_ALT_TILE			= 9E57, G: MK3
_ADVANCE_WORM			= 9E67, G: MK3
I_94				= 9E8F, L: MK3
_SCR_RAND			= 9ECE, G: MK3
_DRAW_SCR			= 9EEE, G: MK3
I_95				= 9F08, L: MK3
I_97				= 9F46, L: MK3
I_98				= 9F59, L: MK3
I_96				= 9F5C, L: MK3
I_99				= 9F68, L: MK3
I_101				= A033, L: MK3
I_100				= A036, L: MK3
_DRAW_SCR_BUFFER		= A037, G: MK3
I_102				= A04F, L: MK3
I_103				= A075, L: MK3
_P_T2				= A076, G: MK3
_SIMPLECOCO_INIT		= A0D3, G: MK3
I_104				= A0DA, L: MK3
I_105				= A0FD, L: MK3
_SIMPLECOCO_STRAIGHT_NEW	= A0FE, G: MK3
I_106				= A194, L: MK3
_SIMPLECOCO_DO			= A195, G: MK3
I_107				= A19C, L: MK3
I_111				= A248, L: MK3
I_110				= A25E, L: MK3
I_114				= A318, L: MK3
I_115_I_114			= A31B, L: MK3
I_113				= A333, L: MK3
I_109				= A35C, L: MK3
I_116				= A36A, L: MK3
I_108				= A36D, L: MK3
_HOTSPOTS_INI			= A36E, G: MK3
I_117				= A375, L: MK3
I_118				= A393, L: MK3
_HOTSPOTS_PAINT			= A394, G: MK3
I_119				= A3D9, L: MK3
_HOTSPOTS_LOAD			= A3DA, G: MK3
I_120				= A438, L: MK3
I_121				= A43F, L: MK3
_HOTSPOTS_DO			= A440, G: MK3
I_126				= A470, L: MK3
I_127				= A483, L: MK3
I_128				= A49E, L: MK3
I_129				= A4A1, L: MK3
I_130				= A4AC, L: MK3
I_125				= A4B1, L: MK3
I_122				= A511, L: MK3
I_123				= A511, L: MK3
_BOLTS_LOAD			= A512, G: MK3
I_131				= A519, L: MK3
I_132				= A537, L: MK3
_BOLTS_CLEAR_BOLT		= A538, G: MK3
I_133				= A548, L: MK3
I_135				= A54D, L: MK3
I_137				= A597, L: MK3
I_138_I_137			= A59A, L: MK3
I_136				= A5AC, L: MK3
I_134				= A5AF, L: MK3
_BOLTS_UPDATE_SCREEN		= A5B0, G: MK3
I_139				= A5C0, L: MK3
I_141				= A5C5, L: MK3
I_143				= A60C, L: MK3
I_144_I_143			= A60F, L: MK3
I_142				= A63A, L: MK3
I_140				= A63D, L: MK3
_ENEMS_RESTORE_VALS		= A63E, G: MK3
_ENEMS_LOAD			= A6F0, G: MK3
I_145				= A71C, L: MK3
I_147				= A721, L: MK3
I_150				= A813, L: MK3
I_151				= A826, L: MK3
I_152				= A826, L: MK3
I_153				= A83D, L: MK3
I_155				= A856, L: MK3
I_156				= A862, L: MK3
I_154				= A862, L: MK3
I_157				= A881, L: MK3
I_159				= A89A, L: MK3
I_160				= A8A6, L: MK3
I_158				= A8A6, L: MK3
I_161				= A8B1, L: MK3
I_162				= A8C8, L: MK3
I_164				= A8DF, L: MK3
I_163				= A8E9, L: MK3
I_165				= A8E9, L: MK3
I_166				= A904, L: MK3
I_168				= A91B, L: MK3
I_170				= A932, L: MK3
I_171				= A93C, L: MK3
I_169				= A93C, L: MK3
I_167				= A946, L: MK3
I_149				= A992, L: MK3
I_146				= A9B1, L: MK3
_ENEMS_DRAIN			= A9B2, G: MK3
I_172				= A9C4, L: MK3
I_173				= A9D6, L: MK3
_ENEMS_DO			= AA0D, G: MK3
I_174				= AA14, L: MK3
I_177				= AB0F, L: MK3
I_179				= AB70, L: MK3
I_180				= AB8C, L: MK3
I_176				= AB8C, L: MK3
I_181				= AB9C, L: MK3
I_185				= ABBC, L: MK3
I_187				= ABCF, L: MK3
I_186				= ABCF, L: MK3
I_190				= AC54, L: MK3
I_191				= AC6F, L: MK3
I_189				= ACA2, L: MK3
I_192				= ACA2, L: MK3
I_194				= AD15, L: MK3
I_195				= AD30, L: MK3
I_193				= AD63, L: MK3
I_196				= AD63, L: MK3
I_198				= AD85, L: MK3
I_197				= AD96, L: MK3
I_201				= ADB8, L: MK3
I_200				= ADC9, L: MK3
I_188				= ADC9, L: MK3
I_203				= ADE8, L: MK3
I_205				= AE07, L: MK3
I_206				= AE18, L: MK3
I_204				= AE18, L: MK3
I_207				= AE41, L: MK3
I_208				= AE44, L: MK3
I_210				= AE60, L: MK3
I_211_I_210			= AE63, L: MK3
I_212				= AE75, L: MK3
I_213				= AEAE, L: MK3
I_209				= AEAE, L: MK3
I_184				= AEB5, L: MK3
I_215				= AECB, L: MK3
I_216_I_215			= AECE, L: MK3
I_214				= AF19, L: MK3
I_218				= AF6E, L: MK3
I_219_I_218			= AF71, L: MK3
I_220				= AF78, L: MK3
I_221_I_220			= AF7B, L: MK3
I_224				= AF9B, L: MK3
I_225				= AF9E, L: MK3
I_227				= AFBF, L: MK3
I_228				= AFC5, L: MK3
I_229				= AFDC, L: MK3
I_230				= AFDF, L: MK3
I_232				= B00D, L: MK3
I_233				= B010, L: MK3
I_231				= B013, L: MK3
I_234				= B016, L: MK3
I_226				= B021, L: MK3
I_237				= B042, L: MK3
I_238				= B045, L: MK3
I_236				= B048, L: MK3
I_239				= B04B, L: MK3
I_235				= B04E, L: MK3
I_223				= B051, L: MK3
I_242				= B072, L: MK3
I_243				= B075, L: MK3
I_241				= B078, L: MK3
I_244				= B07B, L: MK3
I_246				= B0A4, L: MK3
I_247				= B0A7, L: MK3
I_245				= B0AA, L: MK3
I_248				= B0AD, L: MK3
I_240				= B0B0, L: MK3
I_222				= B0B7, L: MK3
I_217				= B0B7, L: MK3
I_182				= B0B7, L: MK3
I_175				= B0BD, L: MK3
_PLAYER_RESET_MOVEMENT		= B0BE, G: MK3
_PLAYER_PROCESS_BLOCK		= B0E5, G: MK3
I_249				= B0FE, L: MK3
I_252				= B12E, L: MK3
I_253				= B13C, L: MK3
I_258				= B1B6, L: MK3
I_257				= B1B6, L: MK3
I_256				= B1B9, L: MK3
I_260				= B203, L: MK3
I_262				= B203, L: MK3
I_261				= B203, L: MK3
I_259				= B203, L: MK3
I_255				= B206, L: MK3
I_266				= B24D, L: MK3
I_265				= B24D, L: MK3
I_264				= B250, L: MK3
I_268				= B298, L: MK3
I_270				= B298, L: MK3
I_269				= B298, L: MK3
I_267				= B298, L: MK3
I_263				= B298, L: MK3
I_272				= B2C0, L: MK3
I_274				= B332, L: MK3
I_277				= B3BE, L: MK3
I_278_I_277			= B3C1, L: MK3
I_276				= B3C4, L: MK3
I_275				= B3C7, L: MK3
I_271				= B3C7, L: MK3
I_254				= B3CE, L: MK3
I_279				= B3D1, L: MK3
I_280				= B40E, L: MK3
I_251				= B40E, L: MK3
_PLAYER_INIT			= B40F, G: MK3
_PLAYER_HIT			= B474, G: MK3
I_281				= B493, L: MK3
I_282				= B49A, L: MK3
_PLAYER_MOVE			= B4A7, G: MK3
I_283				= B4B3, L: MK3
I_284				= B4BF, L: MK3
I_287				= B508, L: MK3
I_286				= B508, L: MK3
I_285				= B512, L: MK3
I_291				= B53D, L: MK3
I_290				= B53D, L: MK3
I_289				= B547, L: MK3
I_294				= B568, L: MK3
I_293				= B56B, L: MK3
I_297				= B58C, L: MK3
I_295				= B58C, L: MK3
I_296				= B58C, L: MK3
I_292				= B593, L: MK3
I_288				= B593, L: MK3
I_298				= B5B1, L: MK3
I_299				= B5C4, L: MK3
I_300				= B5C4, L: MK3
I_304				= B645, L: MK3
I_306				= B672, L: MK3
I_303				= B672, L: MK3
I_302				= B675, L: MK3
I_309				= B6A5, L: MK3
I_311				= B6CE, L: MK3
I_308				= B6CE, L: MK3
I_307				= B6CE, L: MK3
I_312				= B6F3, L: MK3
I_314				= B711, L: MK3
I_315_I_314			= B714, L: MK3
I_313				= B72A, L: MK3
I_301				= B72A, L: MK3
I_318				= B76B, L: MK3
I_317				= B76B, L: MK3
I_316				= B77B, L: MK3
I_321				= B7BC, L: MK3
I_322				= B7BC, L: MK3
I_320				= B7CC, L: MK3
I_325				= B803, L: MK3
I_324				= B806, L: MK3
I_327				= B83D, L: MK3
I_328				= B83D, L: MK3
I_326				= B83D, L: MK3
I_323				= B844, L: MK3
I_319				= B844, L: MK3
I_329				= B869, L: MK3
I_330				= B87F, L: MK3
I_332				= B892, L: MK3
I_331				= B892, L: MK3
I_336				= B91F, L: MK3
I_338				= B940, L: MK3
I_335				= B940, L: MK3
I_334				= B943, L: MK3
I_342				= B98B, L: MK3
I_340				= B9B0, L: MK3
I_344				= B9B0, L: MK3
I_341				= B9B0, L: MK3
I_339				= B9B0, L: MK3
I_345				= B9D5, L: MK3
I_347				= B9F3, L: MK3
I_348_I_347			= B9F6, L: MK3
I_346				= BA0C, L: MK3
I_333				= BA0C, L: MK3
I_351				= BA83, L: MK3
I_352				= BA89, L: MK3
I_353				= BAA0, L: MK3
I_354				= BAA3, L: MK3
I_356				= BAD1, L: MK3
I_357				= BAD4, L: MK3
I_355				= BAD7, L: MK3
I_358				= BADA, L: MK3
I_350				= BAE5, L: MK3
I_361				= BB06, L: MK3
I_362				= BB09, L: MK3
I_360				= BB0C, L: MK3
I_363				= BB0F, L: MK3
I_359				= BB12, L: MK3
I_364				= BB24, L: MK3
I_349				= BB24, L: MK3
I_365				= BB3B, L: MK3
I_366				= BB42, L: MK3
I_367				= BB56, L: MK3
I_369				= BB67, L: MK3
I_368				= BB67, L: MK3
I_370				= BB78, L: MK3
I_373				= BB94, L: MK3
I_374				= BB9A, L: MK3
I_372				= BBC3, L: MK3
I_377				= BBD9, L: MK3
I_378				= BBDC, L: MK3
I_376				= BC05, L: MK3
I_379				= BC0C, L: MK3
I_375				= BC0C, L: MK3
I_371				= BC1E, L: MK3
I_380				= BC36, L: MK3
I_381				= BC39, L: MK3
_HUD_UPDATE			= BC6E, G: MK3
I_382				= BCA8, L: MK3
I_383				= BCE3, L: MK3
I_384				= BD0E, L: MK3
_LEVEL_SETUP			= BD0F, G: MK3
_OB_INIT			= BD22, G: MK3
I_385				= BD35, L: MK3
I_386				= BD58, L: MK3
I_387				= BD5F, L: MK3
I_389				= BD93, L: MK3
I_390				= BDBA, L: MK3
I_388				= BDF6, L: MK3
_OB_DRAW_TAPESTRY		= BDFE, G: MK3
I_391				= BE0B, L: MK3
I_392				= BE0E, L: MK3
I_393				= BE22, L: MK3
I_396				= BE76, L: MK3
I_395				= BE76, L: MK3
I_394				= BE79, L: MK3
_OB_DRAW_TEXT			= BE7A, G: MK3
I_397				= BEAA, L: MK3
I_398				= BEE4, L: MK3
_OB_SPECIAL			= BEE5, G: MK3
I_399				= BF34, L: MK3
_OB_RUN_SCRIPT			= BF5C, G: MK3
I_400				= BF6E, L: MK3
I_402				= BFB3, L: MK3
I_404				= BFD9, L: MK3
I_403				= BFEF, L: MK3
I_401				= BFFD, L: MK3
_GAME_SHUTDOWN_SPRITES		= C001, G: MK3
I_405				= C008, L: MK3
I_406				= C026, L: MK3
_GAME_INIT			= C027, G: MK3
_GAME_PREPARE_SCREEN		= C0C0, G: MK3
I_407				= C0D7, L: MK3
I_408				= C0D7, L: MK3
_GAME_LOOP			= C0E1, G: MK3
I_409				= C0F5, L: MK3
I_412				= C11A, L: MK3
I_413_I_412			= C11D, L: MK3
I_411				= C12B, L: MK3
I_416				= C142, L: MK3
I_417_I_416			= C145, L: MK3
I_414				= C150, L: MK3
I_415				= C150, L: MK3
I_419_ULE			= C15A, L: MK3
I_419				= C166, L: MK3
I_420_I_419			= C169, L: MK3
I_418				= C18D, L: MK3
I_423_UGE			= C197, L: MK3
I_423				= C1A3, L: MK3
I_424_I_423			= C1A6, L: MK3
I_422				= C1C4, L: MK3
I_421				= C1C4, L: MK3
I_426				= C1DB, L: MK3
I_427_I_426			= C1DE, L: MK3
I_425				= C208, L: MK3
I_428_UGE			= C237, L: MK3
I_428				= C23E, L: MK3
I_429				= C24F, L: MK3
I_433				= C2E7, L: MK3
I_434_I_433			= C2EA, L: MK3
I_432				= C2EC, L: MK3
I_435_I_432			= C2EF, L: MK3
I_438				= C326, L: MK3
I_440				= C338, L: MK3
I_437				= C33B, L: MK3
I_441				= C354, L: MK3
I_436				= C354, L: MK3
I_442				= C380, L: MK3
I_444				= C39C, L: MK3
I_445				= C39F, L: MK3
I_443				= C3A5, L: MK3
I_446				= C3B0, L: MK3
I_447				= C3B8, L: MK3
I_431				= C3C5, L: MK3
I_430				= C3C5, L: MK3
I_448				= C3D5, L: MK3
I_449				= C3E1, L: MK3
I_452				= C434, L: MK3
I_451				= C4D4, L: MK3
I_453				= C500, L: MK3
I_450				= C503, L: MK3
I_454				= C51F, L: MK3
I_455				= C529, L: MK3
I_458				= C545, L: MK3
I_459				= C548, L: MK3
I_457				= C54F, L: MK3
I_460				= C552, L: MK3
I_456				= C55E, L: MK3
I_410				= C561, L: MK3
_GAME_TITLE			= C565, G: MK3
I_461				= C5AC, L: MK3
I_464_UGE			= C5C0, L: MK3
I_463				= C5C9, L: MK3
I_464				= C5C9, L: MK3
I_465_I_464			= C5CC, L: MK3
I_462				= C5CC, L: MK3
I_466				= C5DF, L: MK3
_GAME_OVER			= C5E3, G: MK3
_GAME_ENDING			= C627, G: MK3
_MAIN				= C687, G: MK3
I_467				= C68D, L: MK3
I_469				= C69C, L: MK3
I_471				= C6B5, L: MK3
I_472				= C6BB, L: MK3
I_470				= C6BE, L: MK3
I_468				= C6C1, L: MK3
SOUND_PLAY			= C6C2, L: MK3
READDATA			= C6DF, L: MK3
SFXROUTINESAMPLE		= C700, L: MK3
SFXRS0				= C701, L: MK3
SFXRS1				= C705, L: MK3
SFXRS2				= C708, L: MK3
SFXROUTINESAMPLEBORDER		= C710, L: MK3
NEXTDATA			= C71E, L: MK3
SFXROUTINETONE			= C722, L: MK3
SFXRT0				= C731, L: MK3
SFXRT1				= C735, L: MK3
SFXROUTINETONEDUTY		= C737, L: MK3
SFXROUTINETONEBORDER		= C73C, L: MK3
SFXROUTINENOISE			= C761, L: MK3
SFXRN0				= C768, L: MK3
SFXRN1				= C76C, L: MK3
SFXROUTINENOISEBORDER		= C76F, L: MK3
SFXRN2				= C77C, L: MK3
SOUNDEFFECTSDATA		= C790, L: MK3
SFXDATA				= C790, L: MK3
SOUNDEFFECT0DATA		= C79E, L: MK3
SOUNDEFFECT1DATA		= C7AA, L: MK3
SOUNDEFFECT2DATA		= C7B6, L: MK3
SOUNDEFFECT3DATA		= C7BE, L: MK3
SOUNDEFFECT4DATA		= C7D1, L: MK3
SOUNDEFFECT5DATA		= C7E4, L: MK3
SOUNDEFFECT6DATA		= C7FB, L: MK3
_ASM_BEEPFX			= C803, G: MK3
_BEEP_FX			= C804, G: MK3
I_1				= C821, L: MK3
__EN_T				= C917, G: MK3
__EN_X				= C918, G: MK3
__EN_Y				= C919, G: MK3
__OBT0				= C91A, G: MK3
__OBT1				= C91B, G: MK3
__OBT2				= C91C, G: MK3
_SPR_NEXT			= C91D, G: MK3
_QUEUED_SOUND			= C92B, G: MK3
__EN_X1				= C92C, G: MK3
__EN_X2				= C92D, G: MK3
__EN_Y1				= C92E, G: MK3
__EN_Y2				= C92F, G: MK3
_GENFLIPFLOP			= C930, G: MK3
__EN_CT				= C931, G: MK3
_SPRITESCLIP			= C932, G: MK3
_EN_X1				= C934, G: MK3
_EN_X2				= C937, G: MK3
_EN_Y1				= C93A, G: MK3
_EN_Y2				= C93D, G: MK3
_HALF_LIFE			= C940, G: MK3
_PEMMERALDS			= C941, G: MK3
__EN_MX				= C942, G: MK3
__EN_MY				= C943, G: MK3
_EN_HL				= C944, G: MK3
_EN_CT				= C947, G: MK3
_EN_FR				= C94A, G: MK3
_SPRITE_CELLS			= C94B, G: MK3
_PVYLAST			= C987, G: MK3
_EN_FACING			= C989, G: MK3
_EN_MX				= C98C, G: MK3
_EN_MY				= C98F, G: MK3
_CHARACTER_ORDER_IDX		= C992, G: MK3
_OB_CHAR_X			= C993, G: MK3
_OB_CHAR_Y			= C994, G: MK3
_PREGOTTEN			= C995, G: MK3
_PSTATESPRADDER			= C996, G: MK3
_PFACING			= C997, G: MK3
_LKACT				= C998, G: MK3
_GPINT				= C99C, G: MK3
_EVIL_TILE_HIT			= C99E, G: MK3
_GUAY_CT			= C99F, G: MK3
_LEVEL				= C9A0, G: MK3
_NO_CT				= C9A1, G: MK3
__COCO_X			= C9A2, G: MK3
__COCO_Y			= C9A4, G: MK3
__N				= C9A6, G: MK3
__T				= C9A7, G: MK3
_PLIFE				= C9A8, G: MK3
__X				= C9A9, G: MK3
__Y				= C9AA, G: MK3
_POBJS				= C9AB, G: MK3
_PKEYS				= C9AC, G: MK3
_PX				= C9AD, G: MK3
_PY				= C9AF, G: MK3
_PGTMX				= C9B1, G: MK3
_PGTMY				= C9B2, G: MK3
_COCO_X				= C9B3, G: MK3
_COCO_Y				= C9B9, G: MK3
_SP_SW				= C9BF, G: MK3
_OB_CHAR_ID			= C9CD, G: MK3
_C_LEVEL			= C9CE, G: MK3
_IS_PLATFORM			= C9D0, G: MK3
_COCO_SLOT			= C9D1, G: MK3
_GP_GEN				= C9D2, G: MK3
_SPR_X				= C9D4, G: MK3
_SPR_Y				= C9DB, G: MK3
_FIRST_TIME			= C9E2, G: MK3
_PCHARACTER			= C9E3, G: MK3
_GP_AUX				= C9E4, G: MK3
_GP_MAP				= C9E6, G: MK3
_ON_PANT			= C9E8, G: MK3
_PFIRING			= C9E9, G: MK3
_GP_INT				= C9EA, G: MK3
_ENOFFS				= C9EC, G: MK3
_PAD_THIS_FRAME			= C9ED, G: MK3
_PAD0				= C9EE, G: MK3
_HACT				= C9EF, G: MK3
_N_PANT				= CA12, G: MK3
_PFACINGH			= CA13, G: MK3
_EN_S				= CA14, G: MK3
_EN_T				= CA17, G: MK3
_PFACINGV			= CA1A, G: MK3
_EN_X				= CA1B, G: MK3
_EN_Y				= CA1E, G: MK3
_HITTER_X			= CA21, G: MK3
_HITTER_Y			= CA22, G: MK3
_PBX1				= CA23, G: MK3
_PBY1				= CA24, G: MK3
_CHARACTER_ORDER		= CA25, G: MK3
_PKILLED			= CA2A, G: MK3
_JOYFUNC			= CA2B, G: MK3
_KEY_JUMP			= CA2D, G: MK3
_GPIT				= CA2F, G: MK3
_GPJT				= CA30, G: MK3
_RDCH				= CA31, G: MK3
_KEYS				= CA32, G: MK3
_RDCT				= CA3C, G: MK3
_ISRC				= CA3D, G: MK3
_PHIT				= CA3E, G: MK3
_PBODYCOUNT			= CA3F, G: MK3
_OPBODYCOUNT			= CA40, G: MK3
_PINV				= CA41, G: MK3
_PGOTTEN			= CA42, G: MK3
_ENCELLOFFSET			= CA43, G: MK3
__EN_STATE			= CA44, G: MK3
_RDXX				= CA45, G: MK3
_EN_COLLX			= CA46, G: MK3
_RDYX				= CA47, G: MK3
_RDYY				= CA48, G: MK3
_EN_COLLY			= CA49, G: MK3
_AT1				= CA4A, G: MK3
_AT2				= CA4B, G: MK3
_CX1				= CA4C, G: MK3
_CX2				= CA4D, G: MK3
_CY1				= CA4E, G: MK3
_CY2				= CA4F, G: MK3
_PFIXCT				= CA50, G: MK3
_DO_GAME			= CA51, G: MK3
_EN_DYING			= CA52, G: MK3
_PAD				= CA55, G: MK3
_FRAME_COUNTER			= CA56, G: MK3
_PAN				= CA57, G: MK3
_RDA				= CA58, G: MK3
_RDB				= CA59, G: MK3
_RDC				= CA5A, G: MK3
_RDD				= CA5B, G: MK3
_RDE				= CA5C, G: MK3
_RDF				= CA5D, G: MK3
_RDI				= CA5E, G: MK3
_HRX				= CA5F, G: MK3
_PCX				= CA60, G: MK3
_PCY				= CA62, G: MK3
_HRY				= CA64, G: MK3
_RDS				= CA65, G: MK3
_RDT				= CA66, G: MK3
_HRT				= CA67, G: MK3
_RDX				= CA68, G: MK3
_RDY				= CA69, G: MK3
_RDSINT				= CA6A, G: MK3
_COCO_IT			= CA6C, G: MK3
_TICKER				= CA6D, G: MK3
_OB_TEXT_PT			= CA6E, G: MK3
_OPLIFE				= CA70, G: MK3
_PRX				= CA71, G: MK3
_PRY				= CA72, G: MK3
_PVX				= CA73, G: MK3
_PVY				= CA74, G: MK3
_EN_LIFE			= CA76, G: MK3
_OPOBJS				= CA79, G: MK3
_COCO_VX			= CA7A, G: MK3
_COCO_VY			= CA80, G: MK3
_PFACINGLAST			= CA86, G: MK3
_EN_WASHIT			= CA87, G: MK3
_TM_CTR				= CA8A, G: MK3
_OPKEYS				= CA8B, G: MK3
_MAX_HOTSPOTS_TYPE_1		= CA8C, G: MK3
_PFLICKERING			= CA8D, G: MK3
_OPSTARS			= CA8E, G: MK3
_PWASHIT			= CA8F, G: MK3
_EN_STATE			= CA90, G: MK3
_PPOSSEE			= CA93, G: MK3
_HITTER_FRAME			= CA94, G: MK3
_SPR_ID				= CA95, G: MK3
_PSTARS				= CA96, G: MK3
_USE_CT				= CA97, G: MK3
_PSPRID				= CA98, G: MK3
_HITTER_HS_X			= CA99, G: MK3
_HITTER_HS_Y			= CA9A, G: MK3
_SPR_ON				= CA9B, G: MK3
_SPR_IDX			= CAA2, G: MK3
_SPR_CUR			= CAA3, G: MK3
_COCO_SLOTS			= CAB1, G: MK3
_HL_PROC			= CAB4, G: MK3
L_AND				= CAB5, G: L_AND
L_ASL				= CABC, G: L_ASL
L_ASL1				= CABD, L: L_ASL
L_ASR				= CAC3, G: L_ASR
L_ASR1				= CAC4, L: L_ASR
L_ASR_U				= CACD, G: L_ASR_U
L_ASR_U_1			= CACE, L: L_ASR_U
L_DIV_U				= CAD7, G: L_DIV_U
ENTRY				= CADB, L: L_DIV_U
L_DIV1				= CAE2, L: L_DIV_U
L_DIV2				= CAEC, L: L_DIV_U
L_EQ				= CAF6, G: L_EQ
L_GCHAR				= CAFD, G: L_GCHAR
L_SXT				= CAFE, L: L_GCHAR
L_GCHARSPSP			= CB03, G: L_GCHARSPSP
L_GINT				= CB0D, G: L_GINT
L_GT				= CB12, G: L_GT
L_LNEG				= CB1E, G: L_LNEG
L_LT				= CB23, G: L_LT
L_NE				= CB2F, G: L_NE
L_NEG				= CB36, G: L_NEG
L_OR				= CB3E, G: L_OR
L_PINT				= CB45, G: L_PINT
L_SXT				= CB4B, G: L_SXT
L_UGE				= CB50, G: L_UGE
L_UGT				= CB58, G: L_UGT
L_ULE				= CB5E, G: L_ULE
L_ULT				= CB66, G: L_ULT
L_XOR				= CB6C, G: L_XOR
SPCOMPDLISTADDR			= CB73, G: SPCOMPDLISTADDR
SPDISPLAYLIST			= CB84, G: SPDISPLAYLIST
SP_ADDCOLSPR			= D784, G: SP_ADDCOLSPR
SPADDCOLSPR			= D7A3, G: SPADDCOLSPR
ACNOCRY				= D7AE, L: SPADDCOLSPR
ACLOOP				= D7BF, L: SPADDCOLSPR
NOINC1				= D7FB, L: SPADDCOLSPR
ACNOCRY3			= D80F, L: SPADDCOLSPR
ACFAIL				= D83C, L: SPADDCOLSPR
JPHL				= D84D, L: SPADDCOLSPR
SPDELETESPR			= D84E, G: SPDELETESPR
LOOP				= D852, L: SPDELETESPR
SPDSLOOP			= D85F, G: SPDELETESPR
JPHL				= D867, L: SPDELETESPR
SP_ADDMEMORY			= D868, G: SP_ADDMEMORY
SPADDMEMORY			= D881, G: SPADDMEMORY
IB1				= D889, L: SPADDMEMORY
IB2				= D890, L: SPADDMEMORY
SPFREEBLOCK			= D89D, G: SPFREEBLOCK
SPFB1				= D8A2, G: SPFREEBLOCK
SPFB2				= D8AD, G: SPFREEBLOCK
SPQUEUETABLE			= D8B8, G: SPQUEUETABLE
SP_BLOCKALLOC			= D8BA, G: SP_BLOCKALLOC
SPBLOCKALLOC			= D8C8, G: SPBLOCKALLOC
SPALLOC				= D8D2, G: SPBLOCKALLOC
SP_BORDER			= D8E3, G: SP_BORDER
SPBORDERCLR			= D8EC, G: SPBORDER
SPBORDER			= D8ED, G: SPBORDER
SP_CLEARRECT			= D8F5, G: SP_CLEARRECT
SPCLEARRECT			= D919, G: SPCLEARRECT
SPCLEARRECTP			= D921, G: SPCLEARRECT
CRROWLOOP			= D92A, L: SPCLEARRECT
CRCOLLOOP			= D92D, L: SPCLEARRECT
DOTILE				= D937, L: SPCLEARRECT
SPRITE				= D93A, L: SPCLEARRECT
DOSPRITE			= D944, L: SPCLEARRECT
CRRMVSPRLP			= D94D, L: SPCLEARRECT
NOINC1				= D95B, L: SPCLEARRECT
CRNOMORESPR			= D962, L: SPCLEARRECT
NOSPRITE			= D963, L: SPCLEARRECT
SP_CREATEGENERICISR		= D970, G: SP_CREATEGENERICISR
SPCREATEGENERICISR		= D979, G: SPCREATEGENERICISR
GENERICISR			= D982, L: SPCREATEGENERICISR
POSITION			= D985, L: SPCREATEGENERICISR
PUSHREG				= D98E, L: SPCREATEGENERICISR
JPHL				= D99D, L: SPCREATEGENERICISR
RUNHOOKS			= D99E, L: SPCREATEGENERICISR
POPREG				= D9B0, L: SPCREATEGENERICISR
SP_CREATESPR			= D9C1, G: SP_CREATESPR
SPCREATESPR			= D9DE, G: SPCREATESPR
CSLOOP				= DA2F, L: SPCREATESPR
CSENTER				= DA43, L: SPCREATESPR
NOTCOMPRESS			= DA55, L: SPCREATESPR
CONT				= DA5A, L: SPCREATESPR
CSNOCRY				= DA71, L: SPCREATESPR
CSFAIL1				= DA7B, L: SPCREATESPR
CSFAIL2				= DA7D, L: SPCREATESPR
JPHL				= DA86, L: SPCREATESPR
SPNULLSPRPTR			= DA87, G: SPNULLSPRPTR
SP_FREEBLOCK			= DA97, G: SP_FREEBLOCK
SP_GETKEY			= DAA2, G: SP_GETKEY
KEYOK				= DAA8, L: SP_GETKEY
STATE				= DAAD, L: SPGETKEY
COUNT				= DAAE, L: SPGETKEY
SPKEYDEBOUNCE			= DAAF, G: SPGETKEY
SPKEYSTARTREPEAT		= DAB0, G: SPGETKEY
SPKEYREPEATPERIOD		= DAB1, G: SPGETKEY
SPINKEY				= DAB2, G: SPGETKEY
SPGETKEY			= DAC3, G: SPGETKEY
SCANLOOP			= DACA, L: SPGETKEY
KEYROWLOOP			= DACE, L: SPGETKEY
NOPRESS				= DADE, L: SPGETKEY
NEXTSCANROW			= DAE3, L: SPGETKEY
ATMAXCOUNT			= DAF4, L: SPGETKEY
SKIP				= DB0B, L: SPGETKEY
NOCAPS				= DB21, L: SPGETKEY
NOSYM				= DB2C, L: SPGETKEY
TOOMANYKEYS			= DB2F, L: SPGETKEY
NOKEYS				= DB2F, L: SPGETKEY
SPKEYTRANSTBL			= DB37, G: SPKEYTRANSTBL
SPTBLLOOKUP			= DBD7, G: SPTBLLOOKUP
NOINC				= DBDD, L: SPTBLLOOKUP
SP_INITIALIZE			= DBDF, G: SP_INITIALIZE
SPINITIALIZE			= DBEB, G: SPINITIALIZE
ROTTBLLP			= DC11, L: SPINITIALIZE
ENTRYLP				= DC18, L: SPINITIALIZE
ROTLP				= DC1B, L: SPINITIALIZE
LOOP				= DC34, L: SPINITIALIZE
CONT1				= DC3C, L: SPINITIALIZE
NOADD				= DC46, L: SPINITIALIZE
USERTILE			= DC49, L: SPINITIALIZE
SPDIRTYCHARS			= DC4E, G: SPDIRTYCHARS
SPTILEARRAY			= DCAE, G: SPTILEARRAY
SP_INITIM2			= DEAE, G: SP_INITIM2
SPINITIM2			= DEB9, G: SPINITIM2
SP_INVALIDATE			= DECF, G: SP_INVALIDATE
SPINVALIDATE			= DEF5, G: SPINVALIDATE
SPINVALIDATEP			= DEFD, G: SPINVALIDATE
NOINC1				= DF16, L: SPINVALIDATE
INVCOLLP			= DF1A, L: SPINVALIDATE
NOINC2				= DF29, L: SPINVALIDATE
INVFULLCHAR			= DF2D, L: SPINVALIDATE
INVROWLP			= DF2F, L: SPINVALIDATE
NOINC3				= DF3A, L: SPINVALIDATE
SPBITLEFT2MASK			= DF48, G: SPBITLEFT2MASK
SPBITRIGHT2MASK			= DF50, G: SPBITRIGHT2MASK
SPCOMPDIRTYADDR			= DF58, G: SPCOMPDIRTYADDR
SPINTRECT			= DF6D, G: SPINTRECT
SPINTSMALLIVAL			= DF9E, G: SPINTRECT
TRYOTHERWAY			= DFB2, L: SPINTRECT
SPPTINSMALLIVAL			= DFC3, G: SPINTRECT
BROKEN				= DFCF, L: SPINTRECT
SP_FIXCLIPRECT			= DFD6, G: SP_FIXCLIPRECT
SP_JOYKEMPSTON			= DFF0, G: SP_JOYKEMPSTON
SPJOYKEMPSTON			= DFF7, G: SPJOYKEMPSTON
KEMPTBL				= E002, L: SPJOYKEMPSTON
SP_JOYKEYBOARD			= E022, G: SP_JOYKEYBOARD
SPJOYKEYBOARD			= E030, G: SPJOYKEYBOARD
NOFIRE				= E03D, L: SPJOYKEYBOARD
JKLOOP				= E03D, L: SPJOYKEYBOARD
NOPRESS				= E048, L: SPJOYKEYBOARD
SP_JOYSINCLAIR1			= E04F, G: SP_JOYSINCLAIR1
SPJOYSINCLAIR1			= E056, G: SPJOYSINCLAIR1
SINC1TBL			= E062, L: SPJOYSINCLAIR1
SP_KEYPRESSED			= E082, G: SP_KEYPRESSED
SPKEYPRESSED			= E092, G: SPKEYPRESSED
NOCAPS				= E09E, L: SPKEYPRESSED
NOSYM				= E0AA, L: SPKEYPRESSED
SP_MOVESPRABS			= E0B6, G: SP_MOVESPRABS
SPMOVESPRABS			= E0C1, G: SPMOVESPRABS
SPMOVESPRABSNC			= E0CF, G: SPMOVESPRABS
ADJLOOP				= E0DA, L: SPMOVESPRABS
SPMOVESPRABSC			= E0E8, G: SPMOVESPRABS
YINSCREEN			= E100, L: SPMOVESPRABS
XINSCREEN			= E110, L: SPMOVESPRABS
MVCOLLOOP			= E127, L: SPMOVESPRABS
MVROWLOOP			= E12D, L: SPMOVESPRABS
NOTDONE				= E137, L: SPMOVESPRABS
NOINC1				= E14F, L: SPMOVESPRABS
NOTINDLIST			= E163, L: SPMOVESPRABS
NONEXT1				= E163, L: SPMOVESPRABS
PDLOOP				= E180, L: SPMOVESPRABS
NOINC2				= E188, L: SPMOVESPRABS
PUTHERE				= E19A, L: SPMOVESPRABS
NOINC3				= E1A9, L: SPMOVESPRABS
NODEC1				= E1B7, L: SPMOVESPRABS
NOINC4				= E1C3, L: SPMOVESPRABS
NOTDISPLAYED			= E1D0, L: SPMOVESPRABS
NONEXT2				= E1D0, L: SPMOVESPRABS
INVALIDATE			= E1EB, L: SPMOVESPRABS
COMPUTEDISP			= E1FA, L: SPMOVESPRABS
NOTNEGATIVE			= E218, L: SPMOVESPRABS
ADJUSTGRAPHICS			= E21D, L: SPMOVESPRABS
NOINC5				= E229, L: SPMOVESPRABS
SKIP1				= E239, L: SPMOVESPRABS
SKIP2				= E249, L: SPMOVESPRABS
SP_MOVEABSHELP			= E24C, G: SP_MOVEABSHELP
SP_PRINTATINV			= E27B, G: SP_PRINTATINV
SPPRINTATINV			= E28D, G: SPPRINTATINV
SPBIT2MASK			= E2A5, G: SPBIT2MASK
SP_REGISTERHOOK			= E2AD, G: SP_REGISTERHOOK
SP_REGISTERHOOKLAST		= E2C3, G: SP_REGISTERHOOKLAST
SPREGISTERHOOKLAST		= E2D2, G: SPREGISTERHOOKLAST
SPREGISTERHOOK			= E2D2, G: SPREGISTERHOOKLAST
LOOP				= E2DB, L: SPREGISTERHOOKLAST
DONE				= E2E6, L: SPREGISTERHOOKLAST
SP_TILEARRAY			= E2EF, G: SP_TILEARRAY
SPTILEENTRY			= E2FD, G: SPTILEENTRY
NOINC				= E306, L: SPTILEENTRY
SP_UPDATENOW			= E30E, G: SP_UPDATENOW
TEMPGRAPHIC			= E312, L: SPUPDATENOW
TEMPCOLOUR			= E31A, L: SPUPDATENOW
SPUPDATENOW			= E31B, G: SPUPDATENOW
DIRTYLOOP			= E324, L: SPUPDATENOW
NOTACROSSBLK1			= E334, L: SPUPDATENOW
REENTER				= E33C, L: SPUPDATENOW
NOINC1				= E33C, L: SPUPDATENOW
DIRTYAREA			= E34A, L: SPUPDATENOW
NOTACROSSBLK2			= E384, L: SPUPDATENOW
TILEONLY			= E38B, L: SPUPDATENOW
NOINC11				= E396, L: SPUPDATENOW
DRAWCHAR			= E3BA, L: SPUPDATENOW
NOTLOAD				= E3E8, L: SPUPDATENOW
NOINC10				= E3F3, L: SPUPDATENOW
SPRITELOOP			= E408, L: SPUPDATENOW
DOSPRITE			= E40C, L: SPUPDATENOW
COLOURSPRITE			= E516, L: SPUPDATENOW
CLEAR				= E520, L: SPUPDATENOW
COPYBUFFER			= E52B, L: SPUPDATENOW
NOMORESPRITES			= E54D, L: SPUPDATENOW
MASKNOROTATE			= E55B, L: SPUPDATENOW
LOADTYPE			= E5A6, L: SPUPDATENOW
LOADNOROTATE			= E614, L: SPUPDATENOW
XORTYPE				= E633, L: SPUPDATENOW
XORNOROTATE			= E6B9, L: SPUPDATENOW
ORTYPE				= E6EB, L: SPUPDATENOW
ORNOROTATE			= E771, L: SPUPDATENOW
